<html>
<body>
<pre>
<h1>µVision Build Log</h1>
<h2>Tool Versions:</h2>
IDE-Version: ¦ÌVision V5.36.0.0
Copyright (C) 2021 ARM Ltd and ARM Germany GmbH. All rights reserved.
License Information: tet tet, tet, LIC=1WS63-A0MSZ-NR9XL-0IVJ1-JGC90-FY7N9
 
Tool Versions:
Toolchain:       MDK-ARM Professional  Version: 5.36.0.0
Toolchain Path:  D:\MDK\ARM\ARMCC\Bin
C Compiler:      Armcc.exe V5.06 update 7 (build 960)
Assembler:       Armasm.exe V5.06 update 7 (build 960)
Linker/Locator:  ArmLink.exe V5.06 update 7 (build 960)
Library Manager: ArmAr.exe V5.06 update 7 (build 960)
Hex Converter:   FromElf.exe V5.06 update 7 (build 960)
CPU DLL:         SARMCM3.DLL V5.36.0.0
Dialog DLL:      DCM.DLL V1.17.3.0
Target DLL:      STLink\ST-LINKIII-KEIL_SWO.dll V3.0.9.0
Dialog DLL:      TCM.DLL V1.53.0.0
 
<h2>Project:</h2>
D:\STM32±ê×¼¿â\FreeRTOS+OLED+MPU6050\End_project\Project.uvprojx
Project File Date:  05/09/2024

<h2>Output:</h2>
  
Warning: *** SUPPORT EXPIRED, NEW PRODUCT SERIAL NUMBER REQUIRED ***
         *** Running with Code Size Limit: 32K                   ***
*** Using Compiler 'V5.06 update 7 (build 960)', folder: 'D:\MDK\ARM\ARMCC\Bin'
Build target 'Target 1'
compiling Games.c...
Hardware\Games.h(10): warning:  #65-D: expected a ";"
  }Plan_t;
Hardware\oled.h(6): warning:  #1295-D: Deprecated declaration OLED_IIC_Init - give arg types
  void OLED_IIC_Init();
Hardware\oled.h(11): warning:  #1295-D: Deprecated declaration OLED_Clear - give arg types
  void OLED_Clear();
Hardware\oled.h(13): warning:  #1295-D: Deprecated declaration OLED_Reverse - give arg types
  void OLED_Reverse();
Hardware\oled.h(15): warning:  #1295-D: Deprecated declaration OLED_Update - give arg types
  void OLED_Update();
Hardware\oled.h(27): warning:  #1295-D: Deprecated declaration OLED_Init - give arg types
  void OLED_Init();
Hardware\Games.c(109): warning:  #1-D: last line of file ends without a newline
  }
Hardware\Games.c(50): warning:  #177-D: variable "Need_rand"  was declared but never referenced
      int Need_rand = 0;
Hardware\Games.c: 8 warnings, 0 errors
linking...
Program Size: Code=9378 RO-data=2110 RW-data=424 ZI-data=2888  
".\Objects\Project.axf" - 0 Error(s), 9 Warning(s).

<h2>Software Packages used:</h2>

Package Vendor: Keil
                http://www.keil.com/pack/Keil.STM32F1xx_DFP.2.3.0.pack
                Keil.STM32F1xx_DFP.2.3.0
                STMicroelectronics STM32F1 Series Device Support, Drivers and Examples

<h2>Collection of Component include folders:</h2>
  D:\MDK\Packs\Keil\STM32F1xx_DFP\2.3.0\Device\Include

<h2>Collection of Component Files used:</h2>
Build Time Elapsed:  00:00:01
</pre>
</body>
</html>
